#-----------------------------------------------------------
# Vivado v2021.2 (64-bit)
# SW Build 3367213 on Tue Oct 19 02:47:39 MDT 2021
# IP Build 3369179 on Thu Oct 21 08:25:16 MDT 2021
# Start of session at: Tue Jul  2 16:45:49 2024
# Process ID: 22432
# Current directory: /home/idec/work/ai_fpga/codes/LeNet-5/LeNet-5.dlr.fpga/hw/impl/vivado.zed.confmc.float/lenet5_confmc_zed/lenet5_confmc_zed.runs/impl_1
# Command line: vivado -log lenet5_wrapper.vdi -applog -product Vivado -messageDb vivado.pb -mode batch -source lenet5_wrapper.tcl -notrace
# Log file: /home/idec/work/ai_fpga/codes/LeNet-5/LeNet-5.dlr.fpga/hw/impl/vivado.zed.confmc.float/lenet5_confmc_zed/lenet5_confmc_zed.runs/impl_1/lenet5_wrapper.vdi
# Journal file: /home/idec/work/ai_fpga/codes/LeNet-5/LeNet-5.dlr.fpga/hw/impl/vivado.zed.confmc.float/lenet5_confmc_zed/lenet5_confmc_zed.runs/impl_1/vivado.jou
# Running On: train18, OS: Linux, CPU Frequency: 3280.883 MHz, CPU Physical cores: 4, Host memory: 16610 MB
#-----------------------------------------------------------
source lenet5_wrapper.tcl -notrace
