

================================================================
== Vitis HLS Report for 'Convolution2d_float_Pipeline_VITIS_LOOP_97_2_VITIS_LOOP_98_3'
================================================================
* Date:           Tue Jul  2 15:30:44 2024

* Version:        2021.2 (Build 3367213 on Tue Oct 19 02:47:39 MDT 2021)
* Project:        proj_lenet5
* Solution:       zed (Vivado IP Flow Target)
* Product family: zynq
* Target device:  xc7z020-clg484-1


================================================================
== Performance Estimates
================================================================
+ Timing: 
    * Summary: 
    +--------+----------+----------+------------+
    |  Clock |  Target  | Estimated| Uncertainty|
    +--------+----------+----------+------------+
    |ap_clk  |  10.00 ns|  7.219 ns|     2.70 ns|
    +--------+----------+----------+------------+

+ Latency: 
    * Summary: 
    +---------+---------+----------+----------+-----+-----+---------+
    |  Latency (cycles) |  Latency (absolute) |  Interval | Pipeline|
    |   min   |   max   |    min   |    max   | min | max |   Type  |
    +---------+---------+----------+----------+-----+-----+---------+
    |      786|      786|  7.860 us|  7.860 us|  786|  786|       no|
    +---------+---------+----------+----------+-----+-----+---------+

    + Detail: 
        * Instance: 
        N/A

        * Loop: 
        +-----------------------------------+---------+---------+----------+-----------+-----------+------+----------+
        |                                   |  Latency (cycles) | Iteration|  Initiation Interval  | Trip |          |
        |             Loop Name             |   min   |   max   |  Latency |  achieved |   target  | Count| Pipelined|
        +-----------------------------------+---------+---------+----------+-----------+-----------+------+----------+
        |- VITIS_LOOP_97_2_VITIS_LOOP_98_3  |      784|      784|         2|          1|          1|   784|       yes|
        +-----------------------------------+---------+---------+----------+-----------+-----------+------+----------+



================================================================
== Utilization Estimates
================================================================
* Summary: 
+-----------------+---------+-----+--------+-------+-----+
|       Name      | BRAM_18K| DSP |   FF   |  LUT  | URAM|
+-----------------+---------+-----+--------+-------+-----+
|DSP              |        -|    -|       -|      -|    -|
|Expression       |        -|    -|       0|    102|    -|
|FIFO             |        -|    -|       -|      -|    -|
|Instance         |        -|    -|       -|      -|    -|
|Memory           |        -|    -|       -|      -|    -|
|Multiplexer      |        -|    -|       -|     63|    -|
|Register         |        -|    -|      34|      -|    -|
+-----------------+---------+-----+--------+-------+-----+
|Total            |        0|    0|      34|    165|    0|
+-----------------+---------+-----+--------+-------+-----+
|Available        |      280|  220|  106400|  53200|    0|
+-----------------+---------+-----+--------+-------+-----+
|Utilization (%)  |        0|    0|      ~0|     ~0|    0|
+-----------------+---------+-----+--------+-------+-----+

+ Detail: 
    * Instance: 
    N/A

    * DSP: 
    N/A

    * Memory: 
    N/A

    * FIFO: 
    N/A

    * Expression: 
    +--------------------------+----------+----+---+----+------------+------------+
    |       Variable Name      | Operation| DSP| FF| LUT| Bitwidth P0| Bitwidth P1|
    +--------------------------+----------+----+---+----+------------+------------+
    |add_ln101_fu_147_p2       |         +|   0|  0|  13|          10|           5|
    |add_ln82_1_fu_176_p2      |         +|   0|  0|  14|          13|          13|
    |add_ln82_fu_167_p2        |         +|   0|  0|  12|          12|          12|
    |add_ln97_fu_105_p2        |         +|   0|  0|  13|          10|           1|
    |add_ln98_fu_128_p2        |         +|   0|  0|  13|           5|           1|
    |icmp_ln97_fu_99_p2        |      icmp|   0|  0|  11|          10|           9|
    |icmp_ln98_fu_114_p2       |      icmp|   0|  0|   9|           5|           4|
    |select_ln97_27_fu_153_p3  |    select|   0|  0|  10|           1|          10|
    |select_ln97_fu_120_p3     |    select|   0|  0|   5|           1|           1|
    |ap_enable_pp0             |       xor|   0|  0|   2|           1|           2|
    +--------------------------+----------+----+---+----+------------+------------+
    |Total                     |          |   0|  0| 102|          68|          58|
    +--------------------------+----------+----+---+----+------------+------------+

    * Multiplexer: 
    +--------------------------------------+----+-----------+-----+-----------+
    |                 Name                 | LUT| Input Size| Bits| Total Bits|
    +--------------------------------------+----+-----------+-----+-----------+
    |ap_done_int                           |   9|          2|    1|          2|
    |ap_enable_reg_pp0_iter1               |   9|          2|    1|          2|
    |ap_sig_allocacmp_c_load               |   9|          2|    5|         10|
    |ap_sig_allocacmp_indvar_flatten_load  |   9|          2|   10|         20|
    |c_fu_44                               |   9|          2|    5|         10|
    |idx2_fu_48                            |   9|          2|   10|         20|
    |indvar_flatten_fu_52                  |   9|          2|   10|         20|
    +--------------------------------------+----+-----------+-----+-----------+
    |Total                                 |  63|         14|   42|         84|
    +--------------------------------------+----+-----------+-----+-----------+

    * Register: 
    +-------------------------+----+----+-----+-----------+
    |           Name          | FF | LUT| Bits| Const Bits|
    +-------------------------+----+----+-----+-----------+
    |ap_CS_fsm                |   1|   0|    1|          0|
    |ap_done_reg              |   1|   0|    1|          0|
    |ap_enable_reg_pp0_iter1  |   1|   0|    1|          0|
    |c_fu_44                  |   5|   0|    5|          0|
    |icmp_ln98_reg_226        |   1|   0|    1|          0|
    |idx2_fu_48               |  10|   0|   10|          0|
    |indvar_flatten_fu_52     |  10|   0|   10|          0|
    |select_ln97_reg_231      |   5|   0|    5|          0|
    +-------------------------+----+----+-----+-----------+
    |Total                    |  34|   0|   34|          0|
    +-------------------------+----+----+-----+-----------+



================================================================
== Interface
================================================================
* Summary: 
+-------------------+-----+-----+------------+---------------------------------------------------------------+--------------+
|     RTL Ports     | Dir | Bits|  Protocol  |                         Source Object                         |    C Type    |
+-------------------+-----+-----+------------+---------------------------------------------------------------+--------------+
|ap_clk             |   in|    1|  ap_ctrl_hs|  Convolution2d<float>_Pipeline_VITIS_LOOP_97_2_VITIS_LOOP_98_3|  return value|
|ap_rst             |   in|    1|  ap_ctrl_hs|  Convolution2d<float>_Pipeline_VITIS_LOOP_97_2_VITIS_LOOP_98_3|  return value|
|ap_start           |   in|    1|  ap_ctrl_hs|  Convolution2d<float>_Pipeline_VITIS_LOOP_97_2_VITIS_LOOP_98_3|  return value|
|ap_done            |  out|    1|  ap_ctrl_hs|  Convolution2d<float>_Pipeline_VITIS_LOOP_97_2_VITIS_LOOP_98_3|  return value|
|ap_idle            |  out|    1|  ap_ctrl_hs|  Convolution2d<float>_Pipeline_VITIS_LOOP_97_2_VITIS_LOOP_98_3|  return value|
|ap_ready           |  out|    1|  ap_ctrl_hs|  Convolution2d<float>_Pipeline_VITIS_LOOP_97_2_VITIS_LOOP_98_3|  return value|
|phi_mul186         |   in|   12|     ap_none|                                                     phi_mul186|        scalar|
|out_data_address0  |  out|   13|   ap_memory|                                                       out_data|         array|
|out_data_ce0       |  out|    1|   ap_memory|                                                       out_data|         array|
|out_data_we0       |  out|    1|   ap_memory|                                                       out_data|         array|
|out_data_d0        |  out|   32|   ap_memory|                                                       out_data|         array|
|B                  |   in|   32|     ap_none|                                                              B|        scalar|
+-------------------+-----+-----+------------+---------------------------------------------------------------+--------------+

