

================================================================
== Vitis HLS Report for 'Convolution2d_float_1_Pipeline_VITIS_LOOP_110_4_VITIS_LOOP_111_5_VITIS_LOOP_112_6'
================================================================
* Date:           Tue Jul  2 15:30:47 2024

* Version:        2021.2 (Build 3367213 on Tue Oct 19 02:47:39 MDT 2021)
* Project:        proj_lenet5
* Solution:       zed (Vivado IP Flow Target)
* Product family: zynq
* Target device:  xc7z020-clg484-1


================================================================
== Performance Estimates
================================================================
+ Timing: 
    * Summary: 
    +--------+----------+----------+------------+
    |  Clock |  Target  | Estimated| Uncertainty|
    +--------+----------+----------+------------+
    |ap_clk  |  10.00 ns|  7.256 ns|     2.70 ns|
    +--------+----------+----------+------------+

+ Latency: 
    * Summary: 
    +---------+---------+-----------+-----------+------+------+---------+
    |  Latency (cycles) |   Latency (absolute)  |   Interval  | Pipeline|
    |   min   |   max   |    min    |    max    |  min |  max |   Type  |
    +---------+---------+-----------+-----------+------+------+---------+
    |     1340|     1340|  13.400 us|  13.400 us|  1340|  1340|       no|
    +---------+---------+-----------+-----------+------+------+---------+

    + Detail: 
        * Instance: 
        N/A

        * Loop: 
        +------------------------------------------------------+---------+---------+----------+-----------+-----------+------+----------+
        |                                                      |  Latency (cycles) | Iteration|  Initiation Interval  | Trip |          |
        |                       Loop Name                      |   min   |   max   |  Latency |  achieved |   target  | Count| Pipelined|
        +------------------------------------------------------+---------+---------+----------+-----------+-----------+------+----------+
        |- VITIS_LOOP_110_4_VITIS_LOOP_111_5_VITIS_LOOP_112_6  |     1338|     1338|       141|          2|          1|   600|       yes|
        +------------------------------------------------------+---------+---------+----------+-----------+-----------+------+----------+



================================================================
== Utilization Estimates
================================================================
* Summary: 
+-----------------+---------+-----+--------+-------+-----+
|       Name      | BRAM_18K| DSP |   FF   |  LUT  | URAM|
+-----------------+---------+-----+--------+-------+-----+
|DSP              |        -|    2|       -|      -|    -|
|Expression       |        -|    -|       0|   1113|    -|
|FIFO             |        -|    -|       -|      -|    -|
|Instance         |        -|   58|    3971|   8142|    -|
|Memory           |       96|    -|       0|      0|    -|
|Multiplexer      |        -|    -|       -|   1820|    -|
|Register         |        -|    -|    5278|    864|    -|
+-----------------+---------+-----+--------+-------+-----+
|Total            |       96|   60|    9249|  11939|    0|
+-----------------+---------+-----+--------+-------+-----+
|Available        |      280|  220|  106400|  53200|    0|
+-----------------+---------+-----+--------+-------+-----+
|Utilization (%)  |       34|   27|       8|     22|    0|
+-----------------+---------+-----+--------+-------+-----+

+ Detail: 
    * Instance: 
    +------------------------------------+--------------------------------+---------+----+-----+-----+-----+
    |              Instance              |             Module             | BRAM_18K| DSP|  FF | LUT | URAM|
    +------------------------------------+--------------------------------+---------+----+-----+-----+-----+
    |fadd_32ns_32ns_32_5_full_dsp_1_U58  |fadd_32ns_32ns_32_5_full_dsp_1  |        0|   2|  205|  390|    0|
    |fadd_32ns_32ns_32_5_full_dsp_1_U59  |fadd_32ns_32ns_32_5_full_dsp_1  |        0|   2|  205|  390|    0|
    |fadd_32ns_32ns_32_5_full_dsp_1_U60  |fadd_32ns_32ns_32_5_full_dsp_1  |        0|   2|  205|  390|    0|
    |fadd_32ns_32ns_32_5_full_dsp_1_U61  |fadd_32ns_32ns_32_5_full_dsp_1  |        0|   2|  205|  390|    0|
    |fadd_32ns_32ns_32_5_full_dsp_1_U62  |fadd_32ns_32ns_32_5_full_dsp_1  |        0|   2|  205|  390|    0|
    |fadd_32ns_32ns_32_5_full_dsp_1_U63  |fadd_32ns_32ns_32_5_full_dsp_1  |        0|   2|  205|  390|    0|
    |fadd_32ns_32ns_32_5_full_dsp_1_U64  |fadd_32ns_32ns_32_5_full_dsp_1  |        0|   2|  205|  390|    0|
    |fadd_32ns_32ns_32_5_full_dsp_1_U65  |fadd_32ns_32ns_32_5_full_dsp_1  |        0|   2|  205|  390|    0|
    |fadd_32ns_32ns_32_5_full_dsp_1_U66  |fadd_32ns_32ns_32_5_full_dsp_1  |        0|   2|  205|  390|    0|
    |fadd_32ns_32ns_32_5_full_dsp_1_U67  |fadd_32ns_32ns_32_5_full_dsp_1  |        0|   2|  205|  390|    0|
    |fadd_32ns_32ns_32_5_full_dsp_1_U68  |fadd_32ns_32ns_32_5_full_dsp_1  |        0|   2|  205|  390|    0|
    |fmul_32ns_32ns_32_4_max_dsp_1_U70   |fmul_32ns_32ns_32_4_max_dsp_1   |        0|   3|  143|  321|    0|
    |fmul_32ns_32ns_32_4_max_dsp_1_U71   |fmul_32ns_32ns_32_4_max_dsp_1   |        0|   3|  143|  321|    0|
    |fmul_32ns_32ns_32_4_max_dsp_1_U72   |fmul_32ns_32ns_32_4_max_dsp_1   |        0|   3|  143|  321|    0|
    |fmul_32ns_32ns_32_4_max_dsp_1_U73   |fmul_32ns_32ns_32_4_max_dsp_1   |        0|   3|  143|  321|    0|
    |fmul_32ns_32ns_32_4_max_dsp_1_U74   |fmul_32ns_32ns_32_4_max_dsp_1   |        0|   3|  143|  321|    0|
    |fmul_32ns_32ns_32_4_max_dsp_1_U75   |fmul_32ns_32ns_32_4_max_dsp_1   |        0|   3|  143|  321|    0|
    |fmul_32ns_32ns_32_4_max_dsp_1_U76   |fmul_32ns_32ns_32_4_max_dsp_1   |        0|   3|  143|  321|    0|
    |fmul_32ns_32ns_32_4_max_dsp_1_U77   |fmul_32ns_32ns_32_4_max_dsp_1   |        0|   3|  143|  321|    0|
    |fmul_32ns_32ns_32_4_max_dsp_1_U78   |fmul_32ns_32ns_32_4_max_dsp_1   |        0|   3|  143|  321|    0|
    |fmul_32ns_32ns_32_4_max_dsp_1_U79   |fmul_32ns_32ns_32_4_max_dsp_1   |        0|   3|  143|  321|    0|
    |fmul_32ns_32ns_32_4_max_dsp_1_U80   |fmul_32ns_32ns_32_4_max_dsp_1   |        0|   3|  143|  321|    0|
    |fmul_32ns_32ns_32_4_max_dsp_1_U81   |fmul_32ns_32ns_32_4_max_dsp_1   |        0|   3|  143|  321|    0|
    +------------------------------------+--------------------------------+---------+----+-----+-----+-----+
    |Total                               |                                |        0|  58| 3971| 8142|    0|
    +------------------------------------+--------------------------------+---------+----+-----+-----+-----+

    * DSP: 
    +------------------------------------+--------------------------------+--------------+
    |              Instance              |             Module             |  Expression  |
    +------------------------------------+--------------------------------+--------------+
    |mac_muladd_3ns_5ns_12ns_12_4_1_U83  |mac_muladd_3ns_5ns_12ns_12_4_1  |  i0 * i1 + i2|
    |mac_muladd_3ns_8ns_4ns_10_4_1_U82   |mac_muladd_3ns_8ns_4ns_10_4_1   |  i0 + i1 * i2|
    +------------------------------------+--------------------------------+--------------+

    * Memory: 
    +----------------+----------------------------------------------------------------------------------+---------+---+----+-----+------+-----+------+-------------+
    |     Memory     |                                      Module                                      | BRAM_18K| FF| LUT| URAM| Words| Bits| Banks| W*Bits*Banks|
    +----------------+----------------------------------------------------------------------------------+---------+---+----+-----+------+-----+------+-------------+
    |conv2_weight_U  |Convolution2d_float_1_Pipeline_VITIS_LOOP_110_4_VITIS_LOOP_111_5_VITIS_LOOP_1bkb  |       96|  0|   0|    0|  2400|   32|     1|        76800|
    +----------------+----------------------------------------------------------------------------------+---------+---+----+-----+------+-----+------+-------------+
    |Total           |                                                                                  |       96|  0|   0|    0|  2400|   32|     1|        76800|
    +----------------+----------------------------------------------------------------------------------+---------+---+----+-----+------+-----+------+-------------+

    * FIFO: 
    N/A

    * Expression: 
    +---------------------------+----------+----+---+----+------------+------------+
    |       Variable Name       | Operation| DSP| FF| LUT| Bitwidth P0| Bitwidth P1|
    +---------------------------+----------+----+---+----+------------+------------+
    |add_ln110_10_fu_1705_p2    |         +|   0|  0|  12|          12|           4|
    |add_ln110_11_fu_1715_p2    |         +|   0|  0|  12|          12|           4|
    |add_ln110_12_fu_1725_p2    |         +|   0|  0|  12|          12|           4|
    |add_ln110_13_fu_1735_p2    |         +|   0|  0|  12|          12|           4|
    |add_ln110_14_fu_1853_p2    |         +|   0|  0|  12|          12|           4|
    |add_ln110_15_fu_1863_p2    |         +|   0|  0|  12|          12|           4|
    |add_ln110_16_fu_1873_p2    |         +|   0|  0|  12|          12|           5|
    |add_ln110_17_fu_1883_p2    |         +|   0|  0|  12|          12|           5|
    |add_ln110_18_fu_1893_p2    |         +|   0|  0|  12|          12|           5|
    |add_ln110_19_fu_1903_p2    |         +|   0|  0|  12|          12|           5|
    |add_ln110_1_fu_1615_p2     |         +|   0|  0|  12|          12|           1|
    |add_ln110_20_fu_1913_p2    |         +|   0|  0|  12|          12|           5|
    |add_ln110_21_fu_1923_p2    |         +|   0|  0|  12|          12|           5|
    |add_ln110_22_fu_1933_p2    |         +|   0|  0|  12|          12|           5|
    |add_ln110_23_fu_1943_p2    |         +|   0|  0|  12|          12|           5|
    |add_ln110_24_fu_1953_p2    |         +|   0|  0|  12|          12|           5|
    |add_ln110_25_fu_874_p2     |         +|   0|  0|  13|          10|           1|
    |add_ln110_2_fu_1625_p2     |         +|   0|  0|  12|          12|           2|
    |add_ln110_3_fu_1635_p2     |         +|   0|  0|  12|          12|           2|
    |add_ln110_4_fu_1645_p2     |         +|   0|  0|  12|          12|           3|
    |add_ln110_5_fu_1655_p2     |         +|   0|  0|  12|          12|           3|
    |add_ln110_6_fu_1665_p2     |         +|   0|  0|  12|          12|           3|
    |add_ln110_7_fu_1675_p2     |         +|   0|  0|  12|          12|           3|
    |add_ln110_8_fu_1685_p2     |         +|   0|  0|  12|          12|           4|
    |add_ln110_9_fu_1695_p2     |         +|   0|  0|  12|          12|           4|
    |add_ln110_fu_889_p2        |         +|   0|  0|  11|           3|           1|
    |add_ln111_fu_1015_p2       |         +|   0|  0|  15|           8|           1|
    |add_ln112_fu_1009_p2       |         +|   0|  0|  13|           4|           1|
    |add_ln114_1_fu_1068_p2     |         +|   0|  0|  11|          11|          11|
    |add_ln114_2_fu_862_p2      |         +|   0|  0|  14|           7|           7|
    |add_ln114_3_fu_1063_p2     |         +|   0|  0|  11|          11|          11|
    |add_ln114_4_fu_987_p2      |         +|   0|  0|  14|           7|           7|
    |add_ln127_10_fu_1323_p2    |         +|   0|  0|  12|          11|          11|
    |add_ln127_11_fu_1585_p2    |         +|   0|  0|  12|          11|           1|
    |add_ln127_12_fu_1595_p2    |         +|   0|  0|  12|          11|           2|
    |add_ln127_13_fu_1745_p2    |         +|   0|  0|  12|          11|           2|
    |add_ln127_14_fu_1755_p2    |         +|   0|  0|  12|          11|           3|
    |add_ln127_15_fu_1605_p2    |         +|   0|  0|  12|          11|          11|
    |add_ln127_16_fu_1769_p2    |         +|   0|  0|  12|          11|           1|
    |add_ln127_17_fu_1779_p2    |         +|   0|  0|  12|          11|           2|
    |add_ln127_18_fu_1789_p2    |         +|   0|  0|  12|          11|           2|
    |add_ln127_19_fu_1799_p2    |         +|   0|  0|  12|          11|           3|
    |add_ln127_1_fu_1497_p2     |         +|   0|  0|  12|          11|           1|
    |add_ln127_20_fu_1610_p2    |         +|   0|  0|  12|          11|          11|
    |add_ln127_21_fu_1813_p2    |         +|   0|  0|  12|          11|           1|
    |add_ln127_22_fu_1823_p2    |         +|   0|  0|  12|          11|           2|
    |add_ln127_23_fu_1833_p2    |         +|   0|  0|  12|          11|           2|
    |add_ln127_24_fu_1843_p2    |         +|   0|  0|  12|          11|           3|
    |add_ln127_2_fu_1507_p2     |         +|   0|  0|  12|          11|           2|
    |add_ln127_3_fu_1517_p2     |         +|   0|  0|  12|          11|           2|
    |add_ln127_4_fu_1527_p2     |         +|   0|  0|  12|          11|           3|
    |add_ln127_5_fu_1317_p2     |         +|   0|  0|  12|          11|          11|
    |add_ln127_6_fu_1541_p2     |         +|   0|  0|  12|          11|           1|
    |add_ln127_7_fu_1551_p2     |         +|   0|  0|  12|          11|           2|
    |add_ln127_8_fu_1561_p2     |         +|   0|  0|  12|          11|           2|
    |add_ln127_9_fu_1571_p2     |         +|   0|  0|  12|          11|           3|
    |add_ln127_fu_1311_p2       |         +|   0|  0|  12|          11|          11|
    |tmp_1_dup_fu_947_p2        |         +|   0|  0|  13|           4|           1|
    |tmp_1_fu_1102_p2           |         +|   0|  0|  13|           4|           1|
    |tmp_1_mid1_fu_1220_p2      |         +|   0|  0|  13|           4|           2|
    |tmp_2_fu_1137_p2           |         +|   0|  0|  13|           4|           2|
    |tmp_2_mid1_fu_1266_p2      |         +|   0|  0|  13|           4|           2|
    |tmp_3_fu_1329_p2           |         +|   0|  0|  13|           4|           2|
    |tmp_3_mid1_fu_1409_p2      |         +|   0|  0|  13|           4|           3|
    |tmp_4_fu_1360_p2           |         +|   0|  0|  13|           4|           3|
    |tmp_4_mid1_fu_1451_p2      |         +|   0|  0|  13|           4|           3|
    |tmp1_0_fu_1096_p2          |         -|   0|  0|  14|           9|           9|
    |tmp1_0_mid1_fu_1203_p2     |         -|   0|  0|  14|           9|           9|
    |tmp1_1_fu_1131_p2          |         -|   0|  0|  14|           9|           9|
    |tmp1_1_mid1_fu_1249_p2     |         -|   0|  0|  14|           9|           9|
    |tmp1_2_fu_1162_p2          |         -|   0|  0|  15|           8|           8|
    |tmp1_2_mid1_fu_1291_p2     |         -|   0|  0|  15|           8|           8|
    |tmp1_3_fu_1354_p2          |         -|   0|  0|  15|           8|           8|
    |tmp1_3_mid1_fu_1434_p2     |         -|   0|  0|  15|           8|           8|
    |tmp1_4_fu_1385_p2          |         -|   0|  0|  15|           8|           8|
    |tmp1_4_mid1_fu_1476_p2     |         -|   0|  0|  15|           8|           8|
    |and_ln110_fu_941_p2        |       and|   0|  0|   2|           1|           1|
    |icmp_ln110_fu_868_p2       |      icmp|   0|  0|  11|          10|          10|
    |icmp_ln111_fu_895_p2       |      icmp|   0|  0|  11|           8|           7|
    |icmp_ln112_fu_935_p2       |      icmp|   0|  0|   9|           4|           4|
    |or_ln111_fu_953_p2         |        or|   0|  0|   2|           1|           1|
    |select_ln110_1_fu_909_p3   |    select|   0|  0|   3|           1|           3|
    |select_ln110_2_fu_1168_p3  |    select|   0|  0|   9|           1|           1|
    |select_ln110_3_fu_1175_p3  |    select|   0|  0|   9|           1|           4|
    |select_ln110_4_fu_1182_p3  |    select|   0|  0|   8|           1|           5|
    |select_ln110_5_fu_1395_p3  |    select|   0|  0|   8|           1|           6|
    |select_ln110_6_fu_1402_p3  |    select|   0|  0|   8|           1|           6|
    |select_ln110_7_fu_921_p3   |    select|   0|  0|   7|           1|           1|
    |select_ln110_fu_901_p3     |    select|   0|  0|   4|           1|           1|
    |select_ln111_1_fu_1209_p3  |    select|   0|  0|   9|           1|           9|
    |select_ln111_2_fu_1255_p3  |    select|   0|  0|   9|           1|           9|
    |select_ln111_3_fu_1297_p3  |    select|   0|  0|   8|           1|           8|
    |select_ln111_4_fu_1440_p3  |    select|   0|  0|   8|           1|           8|
    |select_ln111_5_fu_1482_p3  |    select|   0|  0|   8|           1|           8|
    |select_ln111_6_fu_993_p3   |    select|   0|  0|   7|           1|           7|
    |select_ln111_7_fu_1001_p3  |    select|   0|  0|   4|           1|           4|
    |select_ln111_8_fu_1021_p3  |    select|   0|  0|   8|           1|           1|
    |select_ln111_fu_959_p3     |    select|   0|  0|   4|           1|           1|
    |ap_enable_pp0              |       xor|   0|  0|   2|           1|           2|
    |xor_ln110_fu_929_p2        |       xor|   0|  0|   2|           1|           2|
    +---------------------------+----------+----+---+----+------------+------------+
    |Total                      |          |   0|  0|1113|         787|         441|
    +---------------------------+----------+----+---+----+------------+------------+

    * Multiplexer: 
    +-----------------------------------------+----+-----------+-----+-----------+
    |                   Name                  | LUT| Input Size| Bits| Total Bits|
    +-----------------------------------------+----+-----------+-----+-----------+
    |ap_NS_fsm                                |  14|          3|    1|          3|
    |ap_done_int                              |   9|          2|    1|          2|
    |ap_enable_reg_pp0_iter0                  |   9|          2|    1|          2|
    |ap_enable_reg_pp0_iter2                  |   9|          2|    1|          2|
    |ap_enable_reg_pp0_iter70                 |   9|          2|    1|          2|
    |ap_loop_exit_ready_pp0_iter10_reg        |   9|          2|    1|          2|
    |ap_loop_exit_ready_pp0_iter11_reg        |   9|          2|    1|          2|
    |ap_loop_exit_ready_pp0_iter12_reg        |   9|          2|    1|          2|
    |ap_loop_exit_ready_pp0_iter13_reg        |   9|          2|    1|          2|
    |ap_loop_exit_ready_pp0_iter14_reg        |   9|          2|    1|          2|
    |ap_loop_exit_ready_pp0_iter15_reg        |   9|          2|    1|          2|
    |ap_loop_exit_ready_pp0_iter16_reg        |   9|          2|    1|          2|
    |ap_loop_exit_ready_pp0_iter17_reg        |   9|          2|    1|          2|
    |ap_loop_exit_ready_pp0_iter18_reg        |   9|          2|    1|          2|
    |ap_loop_exit_ready_pp0_iter19_reg        |   9|          2|    1|          2|
    |ap_loop_exit_ready_pp0_iter1_reg         |   9|          2|    1|          2|
    |ap_loop_exit_ready_pp0_iter20_reg        |   9|          2|    1|          2|
    |ap_loop_exit_ready_pp0_iter21_reg        |   9|          2|    1|          2|
    |ap_loop_exit_ready_pp0_iter22_reg        |   9|          2|    1|          2|
    |ap_loop_exit_ready_pp0_iter23_reg        |   9|          2|    1|          2|
    |ap_loop_exit_ready_pp0_iter24_reg        |   9|          2|    1|          2|
    |ap_loop_exit_ready_pp0_iter25_reg        |   9|          2|    1|          2|
    |ap_loop_exit_ready_pp0_iter26_reg        |   9|          2|    1|          2|
    |ap_loop_exit_ready_pp0_iter27_reg        |   9|          2|    1|          2|
    |ap_loop_exit_ready_pp0_iter28_reg        |   9|          2|    1|          2|
    |ap_loop_exit_ready_pp0_iter29_reg        |   9|          2|    1|          2|
    |ap_loop_exit_ready_pp0_iter2_reg         |   9|          2|    1|          2|
    |ap_loop_exit_ready_pp0_iter30_reg        |   9|          2|    1|          2|
    |ap_loop_exit_ready_pp0_iter31_reg        |   9|          2|    1|          2|
    |ap_loop_exit_ready_pp0_iter32_reg        |   9|          2|    1|          2|
    |ap_loop_exit_ready_pp0_iter33_reg        |   9|          2|    1|          2|
    |ap_loop_exit_ready_pp0_iter34_reg        |   9|          2|    1|          2|
    |ap_loop_exit_ready_pp0_iter35_reg        |   9|          2|    1|          2|
    |ap_loop_exit_ready_pp0_iter36_reg        |   9|          2|    1|          2|
    |ap_loop_exit_ready_pp0_iter37_reg        |   9|          2|    1|          2|
    |ap_loop_exit_ready_pp0_iter38_reg        |   9|          2|    1|          2|
    |ap_loop_exit_ready_pp0_iter39_reg        |   9|          2|    1|          2|
    |ap_loop_exit_ready_pp0_iter3_reg         |   9|          2|    1|          2|
    |ap_loop_exit_ready_pp0_iter40_reg        |   9|          2|    1|          2|
    |ap_loop_exit_ready_pp0_iter41_reg        |   9|          2|    1|          2|
    |ap_loop_exit_ready_pp0_iter42_reg        |   9|          2|    1|          2|
    |ap_loop_exit_ready_pp0_iter43_reg        |   9|          2|    1|          2|
    |ap_loop_exit_ready_pp0_iter44_reg        |   9|          2|    1|          2|
    |ap_loop_exit_ready_pp0_iter45_reg        |   9|          2|    1|          2|
    |ap_loop_exit_ready_pp0_iter46_reg        |   9|          2|    1|          2|
    |ap_loop_exit_ready_pp0_iter47_reg        |   9|          2|    1|          2|
    |ap_loop_exit_ready_pp0_iter48_reg        |   9|          2|    1|          2|
    |ap_loop_exit_ready_pp0_iter49_reg        |   9|          2|    1|          2|
    |ap_loop_exit_ready_pp0_iter4_reg         |   9|          2|    1|          2|
    |ap_loop_exit_ready_pp0_iter50_reg        |   9|          2|    1|          2|
    |ap_loop_exit_ready_pp0_iter51_reg        |   9|          2|    1|          2|
    |ap_loop_exit_ready_pp0_iter52_reg        |   9|          2|    1|          2|
    |ap_loop_exit_ready_pp0_iter53_reg        |   9|          2|    1|          2|
    |ap_loop_exit_ready_pp0_iter54_reg        |   9|          2|    1|          2|
    |ap_loop_exit_ready_pp0_iter55_reg        |   9|          2|    1|          2|
    |ap_loop_exit_ready_pp0_iter56_reg        |   9|          2|    1|          2|
    |ap_loop_exit_ready_pp0_iter57_reg        |   9|          2|    1|          2|
    |ap_loop_exit_ready_pp0_iter58_reg        |   9|          2|    1|          2|
    |ap_loop_exit_ready_pp0_iter59_reg        |   9|          2|    1|          2|
    |ap_loop_exit_ready_pp0_iter5_reg         |   9|          2|    1|          2|
    |ap_loop_exit_ready_pp0_iter60_reg        |   9|          2|    1|          2|
    |ap_loop_exit_ready_pp0_iter61_reg        |   9|          2|    1|          2|
    |ap_loop_exit_ready_pp0_iter62_reg        |   9|          2|    1|          2|
    |ap_loop_exit_ready_pp0_iter63_reg        |   9|          2|    1|          2|
    |ap_loop_exit_ready_pp0_iter64_reg        |   9|          2|    1|          2|
    |ap_loop_exit_ready_pp0_iter65_reg        |   9|          2|    1|          2|
    |ap_loop_exit_ready_pp0_iter66_reg        |   9|          2|    1|          2|
    |ap_loop_exit_ready_pp0_iter67_reg        |   9|          2|    1|          2|
    |ap_loop_exit_ready_pp0_iter68_reg        |   9|          2|    1|          2|
    |ap_loop_exit_ready_pp0_iter69_reg        |   9|          2|    1|          2|
    |ap_loop_exit_ready_pp0_iter6_reg         |   9|          2|    1|          2|
    |ap_loop_exit_ready_pp0_iter7_reg         |   9|          2|    1|          2|
    |ap_loop_exit_ready_pp0_iter8_reg         |   9|          2|    1|          2|
    |ap_loop_exit_ready_pp0_iter9_reg         |   9|          2|    1|          2|
    |ap_sig_allocacmp_c_load                  |   9|          2|    4|          8|
    |ap_sig_allocacmp_ch_load                 |   9|          2|    3|          6|
    |ap_sig_allocacmp_g                       |   9|          2|    4|          8|
    |ap_sig_allocacmp_indvar_flatten146_load  |   9|          2|   10|         20|
    |ap_sig_allocacmp_indvar_flatten7_load    |   9|          2|    8|         16|
    |c_fu_150                                 |   9|          2|    4|          8|
    |ch_fu_162                                |   9|          2|    3|          6|
    |conv2_weight_address0                    |  14|          3|   12|         36|
    |conv2_weight_address1                    |  14|          3|   12|         36|
    |conv2_weight_address10                   |  14|          3|   12|         36|
    |conv2_weight_address11                   |  14|          3|   12|         36|
    |conv2_weight_address2                    |  14|          3|   12|         36|
    |conv2_weight_address3                    |  14|          3|   12|         36|
    |conv2_weight_address4                    |  14|          3|   12|         36|
    |conv2_weight_address5                    |  14|          3|   12|         36|
    |conv2_weight_address6                    |  14|          3|   12|         36|
    |conv2_weight_address7                    |  14|          3|   12|         36|
    |conv2_weight_address8                    |  14|          3|   12|         36|
    |conv2_weight_address9                    |  14|          3|   12|         36|
    |grp_fu_701_p0                            |  14|          3|   32|         96|
    |grp_fu_701_p1                            |  14|          3|   32|         96|
    |grp_fu_706_p0                            |  14|          3|   32|         96|
    |grp_fu_706_p1                            |  14|          3|   32|         96|
    |grp_fu_710_p0                            |  14|          3|   32|         96|
    |grp_fu_710_p1                            |  14|          3|   32|         96|
    |grp_fu_714_p0                            |  14|          3|   32|         96|
    |grp_fu_714_p1                            |  14|          3|   32|         96|
    |grp_fu_718_p0                            |  14|          3|   32|         96|
    |grp_fu_718_p1                            |  14|          3|   32|         96|
    |grp_fu_722_p0                            |  14|          3|   32|         96|
    |grp_fu_722_p1                            |  14|          3|   32|         96|
    |grp_fu_726_p0                            |  14|          3|   32|         96|
    |grp_fu_726_p1                            |  14|          3|   32|         96|
    |grp_fu_730_p0                            |  14|          3|   32|         96|
    |grp_fu_730_p1                            |  14|          3|   32|         96|
    |grp_fu_734_p0                            |  14|          3|   32|         96|
    |grp_fu_734_p1                            |  14|          3|   32|         96|
    |grp_fu_738_p0                            |  14|          3|   32|         96|
    |grp_fu_738_p1                            |  14|          3|   32|         96|
    |grp_fu_742_p0                            |  14|          3|   32|         96|
    |grp_fu_742_p1                            |  14|          3|   32|         96|
    |grp_fu_746_p0                            |  14|          3|   32|         96|
    |grp_fu_746_p1                            |  14|          3|   32|         96|
    |grp_fu_750_p0                            |  14|          3|   32|         96|
    |grp_fu_750_p1                            |  14|          3|   32|         96|
    |grp_fu_754_p0                            |  14|          3|   32|         96|
    |grp_fu_754_p1                            |  14|          3|   32|         96|
    |grp_fu_758_p0                            |  14|          3|   32|         96|
    |grp_fu_758_p1                            |  14|          3|   32|         96|
    |grp_fu_762_p0                            |  14|          3|   32|         96|
    |grp_fu_762_p1                            |  14|          3|   32|         96|
    |grp_fu_766_p0                            |  14|          3|   32|         96|
    |grp_fu_766_p1                            |  14|          3|   32|         96|
    |grp_fu_770_p0                            |  14|          3|   32|         96|
    |grp_fu_770_p1                            |  14|          3|   32|         96|
    |grp_fu_774_p0                            |  14|          3|   32|         96|
    |grp_fu_774_p1                            |  14|          3|   32|         96|
    |grp_fu_778_p0                            |  14|          3|   32|         96|
    |grp_fu_778_p1                            |  14|          3|   32|         96|
    |grp_fu_782_p0                            |  14|          3|   32|         96|
    |grp_fu_782_p1                            |  14|          3|   32|         96|
    |grp_fu_786_p0                            |  14|          3|   32|         96|
    |grp_fu_786_p1                            |  14|          3|   32|         96|
    |grp_fu_790_p0                            |  14|          3|   32|         96|
    |grp_fu_790_p1                            |  14|          3|   32|         96|
    |grp_fu_794_p0                            |  14|          3|   32|         96|
    |grp_fu_794_p1                            |  14|          3|   32|         96|
    |grp_fu_798_p0                            |  14|          3|   32|         96|
    |grp_fu_798_p1                            |  14|          3|   32|         96|
    |indvar_flatten146_fu_166                 |   9|          2|   10|         20|
    |indvar_flatten7_fu_158                   |   9|          2|    8|         16|
    |out_data_address0                        |  14|          3|   11|         33|
    |p1_out_data_address0                     |  14|          3|   11|         33|
    |p1_out_data_address1                     |  14|          3|   11|         33|
    |p1_out_data_address10                    |  14|          3|   11|         33|
    |p1_out_data_address11                    |  14|          3|   11|         33|
    |p1_out_data_address2                     |  14|          3|   11|         33|
    |p1_out_data_address3                     |  14|          3|   11|         33|
    |p1_out_data_address4                     |  14|          3|   11|         33|
    |p1_out_data_address5                     |  14|          3|   11|         33|
    |p1_out_data_address6                     |  14|          3|   11|         33|
    |p1_out_data_address7                     |  14|          3|   11|         33|
    |p1_out_data_address8                     |  14|          3|   11|         33|
    |p1_out_data_address9                     |  14|          3|   11|         33|
    |r_fu_154                                 |   9|          2|    4|          8|
    |reg_806                                  |   9|          2|   32|         64|
    +-----------------------------------------+----+-----------+-----+-----------+
    |Total                                    |1820|        396| 2051|       5990|
    +-----------------------------------------+----+-----------+-----+-----------+

    * Register: 
    +-------------------------------------+----+----+-----+-----------+
    |                 Name                | FF | LUT| Bits| Const Bits|
    +-------------------------------------+----+----+-----+-----------+
    |accum_1_0_1_reg_3046                 |  32|   0|   32|          0|
    |accum_1_0_2_reg_3051                 |  32|   0|   32|          0|
    |accum_1_0_3_reg_3056                 |  32|   0|   32|          0|
    |accum_1_0_4_reg_3061                 |  32|   0|   32|          0|
    |accum_1_1_1_reg_3071                 |  32|   0|   32|          0|
    |accum_1_1_2_reg_3076                 |  32|   0|   32|          0|
    |accum_1_1_3_reg_3081                 |  32|   0|   32|          0|
    |accum_1_1_4_reg_3086                 |  32|   0|   32|          0|
    |accum_1_1_reg_3066                   |  32|   0|   32|          0|
    |accum_1_2_1_reg_3096                 |  32|   0|   32|          0|
    |accum_1_2_2_reg_3101                 |  32|   0|   32|          0|
    |accum_1_2_3_reg_3106                 |  32|   0|   32|          0|
    |accum_1_2_4_reg_3111                 |  32|   0|   32|          0|
    |accum_1_2_reg_3091                   |  32|   0|   32|          0|
    |accum_1_3_1_reg_3121                 |  32|   0|   32|          0|
    |accum_1_3_2_reg_3126                 |  32|   0|   32|          0|
    |accum_1_3_3_reg_3131                 |  32|   0|   32|          0|
    |accum_1_3_4_reg_3136                 |  32|   0|   32|          0|
    |accum_1_3_reg_3116                   |  32|   0|   32|          0|
    |accum_1_4_1_reg_3146                 |  32|   0|   32|          0|
    |accum_1_4_2_reg_3151                 |  32|   0|   32|          0|
    |accum_1_4_3_reg_3156                 |  32|   0|   32|          0|
    |accum_1_4_4_reg_3161                 |  32|   0|   32|          0|
    |accum_1_4_reg_3141                   |  32|   0|   32|          0|
    |accum_1_reg_3041                     |  32|   0|   32|          0|
    |add_ln110_26_reg_2255                |  12|   0|   12|          0|
    |add_ln127_10_reg_2246                |  11|   0|   11|          0|
    |add_ln127_15_reg_2353                |  11|   0|   11|          0|
    |add_ln127_20_reg_2362                |  11|   0|   11|          0|
    |add_ln127_5_reg_2237                 |  11|   0|   11|          0|
    |add_ln127_reg_2228                   |  11|   0|   11|          0|
    |add_reg_3166                         |  32|   0|   32|          0|
    |and_ln110_reg_2172                   |   1|   0|    1|          0|
    |and_ln110_reg_2172_pp0_iter1_reg     |   1|   0|    1|          0|
    |ap_CS_fsm                            |   2|   0|    2|          0|
    |ap_done_reg                          |   1|   0|    1|          0|
    |ap_enable_reg_pp0_iter0_reg          |   1|   0|    1|          0|
    |ap_enable_reg_pp0_iter1              |   1|   0|    1|          0|
    |ap_enable_reg_pp0_iter10             |   1|   0|    1|          0|
    |ap_enable_reg_pp0_iter11             |   1|   0|    1|          0|
    |ap_enable_reg_pp0_iter12             |   1|   0|    1|          0|
    |ap_enable_reg_pp0_iter13             |   1|   0|    1|          0|
    |ap_enable_reg_pp0_iter14             |   1|   0|    1|          0|
    |ap_enable_reg_pp0_iter15             |   1|   0|    1|          0|
    |ap_enable_reg_pp0_iter16             |   1|   0|    1|          0|
    |ap_enable_reg_pp0_iter17             |   1|   0|    1|          0|
    |ap_enable_reg_pp0_iter18             |   1|   0|    1|          0|
    |ap_enable_reg_pp0_iter19             |   1|   0|    1|          0|
    |ap_enable_reg_pp0_iter2              |   1|   0|    1|          0|
    |ap_enable_reg_pp0_iter20             |   1|   0|    1|          0|
    |ap_enable_reg_pp0_iter21             |   1|   0|    1|          0|
    |ap_enable_reg_pp0_iter22             |   1|   0|    1|          0|
    |ap_enable_reg_pp0_iter23             |   1|   0|    1|          0|
    |ap_enable_reg_pp0_iter24             |   1|   0|    1|          0|
    |ap_enable_reg_pp0_iter25             |   1|   0|    1|          0|
    |ap_enable_reg_pp0_iter26             |   1|   0|    1|          0|
    |ap_enable_reg_pp0_iter27             |   1|   0|    1|          0|
    |ap_enable_reg_pp0_iter28             |   1|   0|    1|          0|
    |ap_enable_reg_pp0_iter29             |   1|   0|    1|          0|
    |ap_enable_reg_pp0_iter3              |   1|   0|    1|          0|
    |ap_enable_reg_pp0_iter30             |   1|   0|    1|          0|
    |ap_enable_reg_pp0_iter31             |   1|   0|    1|          0|
    |ap_enable_reg_pp0_iter32             |   1|   0|    1|          0|
    |ap_enable_reg_pp0_iter33             |   1|   0|    1|          0|
    |ap_enable_reg_pp0_iter34             |   1|   0|    1|          0|
    |ap_enable_reg_pp0_iter35             |   1|   0|    1|          0|
    |ap_enable_reg_pp0_iter36             |   1|   0|    1|          0|
    |ap_enable_reg_pp0_iter37             |   1|   0|    1|          0|
    |ap_enable_reg_pp0_iter38             |   1|   0|    1|          0|
    |ap_enable_reg_pp0_iter39             |   1|   0|    1|          0|
    |ap_enable_reg_pp0_iter4              |   1|   0|    1|          0|
    |ap_enable_reg_pp0_iter40             |   1|   0|    1|          0|
    |ap_enable_reg_pp0_iter41             |   1|   0|    1|          0|
    |ap_enable_reg_pp0_iter42             |   1|   0|    1|          0|
    |ap_enable_reg_pp0_iter43             |   1|   0|    1|          0|
    |ap_enable_reg_pp0_iter44             |   1|   0|    1|          0|
    |ap_enable_reg_pp0_iter45             |   1|   0|    1|          0|
    |ap_enable_reg_pp0_iter46             |   1|   0|    1|          0|
    |ap_enable_reg_pp0_iter47             |   1|   0|    1|          0|
    |ap_enable_reg_pp0_iter48             |   1|   0|    1|          0|
    |ap_enable_reg_pp0_iter49             |   1|   0|    1|          0|
    |ap_enable_reg_pp0_iter5              |   1|   0|    1|          0|
    |ap_enable_reg_pp0_iter50             |   1|   0|    1|          0|
    |ap_enable_reg_pp0_iter51             |   1|   0|    1|          0|
    |ap_enable_reg_pp0_iter52             |   1|   0|    1|          0|
    |ap_enable_reg_pp0_iter53             |   1|   0|    1|          0|
    |ap_enable_reg_pp0_iter54             |   1|   0|    1|          0|
    |ap_enable_reg_pp0_iter55             |   1|   0|    1|          0|
    |ap_enable_reg_pp0_iter56             |   1|   0|    1|          0|
    |ap_enable_reg_pp0_iter57             |   1|   0|    1|          0|
    |ap_enable_reg_pp0_iter58             |   1|   0|    1|          0|
    |ap_enable_reg_pp0_iter59             |   1|   0|    1|          0|
    |ap_enable_reg_pp0_iter6              |   1|   0|    1|          0|
    |ap_enable_reg_pp0_iter60             |   1|   0|    1|          0|
    |ap_enable_reg_pp0_iter61             |   1|   0|    1|          0|
    |ap_enable_reg_pp0_iter62             |   1|   0|    1|          0|
    |ap_enable_reg_pp0_iter63             |   1|   0|    1|          0|
    |ap_enable_reg_pp0_iter64             |   1|   0|    1|          0|
    |ap_enable_reg_pp0_iter65             |   1|   0|    1|          0|
    |ap_enable_reg_pp0_iter66             |   1|   0|    1|          0|
    |ap_enable_reg_pp0_iter67             |   1|   0|    1|          0|
    |ap_enable_reg_pp0_iter68             |   1|   0|    1|          0|
    |ap_enable_reg_pp0_iter69             |   1|   0|    1|          0|
    |ap_enable_reg_pp0_iter7              |   1|   0|    1|          0|
    |ap_enable_reg_pp0_iter70             |   1|   0|    1|          0|
    |ap_enable_reg_pp0_iter8              |   1|   0|    1|          0|
    |ap_enable_reg_pp0_iter9              |   1|   0|    1|          0|
    |ap_loop_exit_ready_pp0_iter10_reg    |   1|   0|    1|          0|
    |ap_loop_exit_ready_pp0_iter11_reg    |   1|   0|    1|          0|
    |ap_loop_exit_ready_pp0_iter12_reg    |   1|   0|    1|          0|
    |ap_loop_exit_ready_pp0_iter13_reg    |   1|   0|    1|          0|
    |ap_loop_exit_ready_pp0_iter14_reg    |   1|   0|    1|          0|
    |ap_loop_exit_ready_pp0_iter15_reg    |   1|   0|    1|          0|
    |ap_loop_exit_ready_pp0_iter16_reg    |   1|   0|    1|          0|
    |ap_loop_exit_ready_pp0_iter17_reg    |   1|   0|    1|          0|
    |ap_loop_exit_ready_pp0_iter18_reg    |   1|   0|    1|          0|
    |ap_loop_exit_ready_pp0_iter19_reg    |   1|   0|    1|          0|
    |ap_loop_exit_ready_pp0_iter1_reg     |   1|   0|    1|          0|
    |ap_loop_exit_ready_pp0_iter20_reg    |   1|   0|    1|          0|
    |ap_loop_exit_ready_pp0_iter21_reg    |   1|   0|    1|          0|
    |ap_loop_exit_ready_pp0_iter22_reg    |   1|   0|    1|          0|
    |ap_loop_exit_ready_pp0_iter23_reg    |   1|   0|    1|          0|
    |ap_loop_exit_ready_pp0_iter24_reg    |   1|   0|    1|          0|
    |ap_loop_exit_ready_pp0_iter25_reg    |   1|   0|    1|          0|
    |ap_loop_exit_ready_pp0_iter26_reg    |   1|   0|    1|          0|
    |ap_loop_exit_ready_pp0_iter27_reg    |   1|   0|    1|          0|
    |ap_loop_exit_ready_pp0_iter28_reg    |   1|   0|    1|          0|
    |ap_loop_exit_ready_pp0_iter29_reg    |   1|   0|    1|          0|
    |ap_loop_exit_ready_pp0_iter2_reg     |   1|   0|    1|          0|
    |ap_loop_exit_ready_pp0_iter30_reg    |   1|   0|    1|          0|
    |ap_loop_exit_ready_pp0_iter31_reg    |   1|   0|    1|          0|
    |ap_loop_exit_ready_pp0_iter32_reg    |   1|   0|    1|          0|
    |ap_loop_exit_ready_pp0_iter33_reg    |   1|   0|    1|          0|
    |ap_loop_exit_ready_pp0_iter34_reg    |   1|   0|    1|          0|
    |ap_loop_exit_ready_pp0_iter35_reg    |   1|   0|    1|          0|
    |ap_loop_exit_ready_pp0_iter36_reg    |   1|   0|    1|          0|
    |ap_loop_exit_ready_pp0_iter37_reg    |   1|   0|    1|          0|
    |ap_loop_exit_ready_pp0_iter38_reg    |   1|   0|    1|          0|
    |ap_loop_exit_ready_pp0_iter39_reg    |   1|   0|    1|          0|
    |ap_loop_exit_ready_pp0_iter3_reg     |   1|   0|    1|          0|
    |ap_loop_exit_ready_pp0_iter40_reg    |   1|   0|    1|          0|
    |ap_loop_exit_ready_pp0_iter41_reg    |   1|   0|    1|          0|
    |ap_loop_exit_ready_pp0_iter42_reg    |   1|   0|    1|          0|
    |ap_loop_exit_ready_pp0_iter43_reg    |   1|   0|    1|          0|
    |ap_loop_exit_ready_pp0_iter44_reg    |   1|   0|    1|          0|
    |ap_loop_exit_ready_pp0_iter45_reg    |   1|   0|    1|          0|
    |ap_loop_exit_ready_pp0_iter46_reg    |   1|   0|    1|          0|
    |ap_loop_exit_ready_pp0_iter47_reg    |   1|   0|    1|          0|
    |ap_loop_exit_ready_pp0_iter48_reg    |   1|   0|    1|          0|
    |ap_loop_exit_ready_pp0_iter49_reg    |   1|   0|    1|          0|
    |ap_loop_exit_ready_pp0_iter4_reg     |   1|   0|    1|          0|
    |ap_loop_exit_ready_pp0_iter50_reg    |   1|   0|    1|          0|
    |ap_loop_exit_ready_pp0_iter51_reg    |   1|   0|    1|          0|
    |ap_loop_exit_ready_pp0_iter52_reg    |   1|   0|    1|          0|
    |ap_loop_exit_ready_pp0_iter53_reg    |   1|   0|    1|          0|
    |ap_loop_exit_ready_pp0_iter54_reg    |   1|   0|    1|          0|
    |ap_loop_exit_ready_pp0_iter55_reg    |   1|   0|    1|          0|
    |ap_loop_exit_ready_pp0_iter56_reg    |   1|   0|    1|          0|
    |ap_loop_exit_ready_pp0_iter57_reg    |   1|   0|    1|          0|
    |ap_loop_exit_ready_pp0_iter58_reg    |   1|   0|    1|          0|
    |ap_loop_exit_ready_pp0_iter59_reg    |   1|   0|    1|          0|
    |ap_loop_exit_ready_pp0_iter5_reg     |   1|   0|    1|          0|
    |ap_loop_exit_ready_pp0_iter60_reg    |   1|   0|    1|          0|
    |ap_loop_exit_ready_pp0_iter61_reg    |   1|   0|    1|          0|
    |ap_loop_exit_ready_pp0_iter62_reg    |   1|   0|    1|          0|
    |ap_loop_exit_ready_pp0_iter63_reg    |   1|   0|    1|          0|
    |ap_loop_exit_ready_pp0_iter64_reg    |   1|   0|    1|          0|
    |ap_loop_exit_ready_pp0_iter65_reg    |   1|   0|    1|          0|
    |ap_loop_exit_ready_pp0_iter66_reg    |   1|   0|    1|          0|
    |ap_loop_exit_ready_pp0_iter67_reg    |   1|   0|    1|          0|
    |ap_loop_exit_ready_pp0_iter68_reg    |   1|   0|    1|          0|
    |ap_loop_exit_ready_pp0_iter69_reg    |   1|   0|    1|          0|
    |ap_loop_exit_ready_pp0_iter6_reg     |   1|   0|    1|          0|
    |ap_loop_exit_ready_pp0_iter7_reg     |   1|   0|    1|          0|
    |ap_loop_exit_ready_pp0_iter8_reg     |   1|   0|    1|          0|
    |ap_loop_exit_ready_pp0_iter9_reg     |   1|   0|    1|          0|
    |c_fu_150                             |   4|   0|    4|          0|
    |ch_fu_162                            |   3|   0|    3|          0|
    |conv2_weight_load_10_reg_2606        |  32|   0|   32|          0|
    |conv2_weight_load_11_reg_2611        |  32|   0|   32|          0|
    |conv2_weight_load_12_reg_2616        |  32|   0|   32|          0|
    |conv2_weight_load_13_reg_2621        |  32|   0|   32|          0|
    |conv2_weight_load_14_reg_2741        |  32|   0|   32|          0|
    |conv2_weight_load_15_reg_2746        |  32|   0|   32|          0|
    |conv2_weight_load_16_reg_2751        |  32|   0|   32|          0|
    |conv2_weight_load_17_reg_2756        |  32|   0|   32|          0|
    |conv2_weight_load_18_reg_2761        |  32|   0|   32|          0|
    |conv2_weight_load_19_reg_2766        |  32|   0|   32|          0|
    |conv2_weight_load_1_reg_2561         |  32|   0|   32|          0|
    |conv2_weight_load_20_reg_2771        |  32|   0|   32|          0|
    |conv2_weight_load_21_reg_2776        |  32|   0|   32|          0|
    |conv2_weight_load_22_reg_2781        |  32|   0|   32|          0|
    |conv2_weight_load_23_reg_2786        |  32|   0|   32|          0|
    |conv2_weight_load_24_reg_2791        |  32|   0|   32|          0|
    |conv2_weight_load_2_reg_2566         |  32|   0|   32|          0|
    |conv2_weight_load_3_reg_2571         |  32|   0|   32|          0|
    |conv2_weight_load_4_reg_2576         |  32|   0|   32|          0|
    |conv2_weight_load_5_reg_2581         |  32|   0|   32|          0|
    |conv2_weight_load_6_reg_2586         |  32|   0|   32|          0|
    |conv2_weight_load_7_reg_2591         |  32|   0|   32|          0|
    |conv2_weight_load_8_reg_2596         |  32|   0|   32|          0|
    |conv2_weight_load_9_reg_2601         |  32|   0|   32|          0|
    |conv2_weight_load_reg_2371           |  32|   0|   32|          0|
    |g_reg_2127                           |   4|   0|    4|          0|
    |g_reg_2127_pp0_iter1_reg             |   4|   0|    4|          0|
    |icmp_ln110_reg_2141                  |   1|   0|    1|          0|
    |icmp_ln111_reg_2145                  |   1|   0|    1|          0|
    |icmp_ln111_reg_2145_pp0_iter1_reg    |   1|   0|    1|          0|
    |indvar_flatten146_fu_166             |  10|   0|   10|          0|
    |indvar_flatten7_fu_158               |   8|   0|    8|          0|
    |mul_0_1_reg_2921                     |  32|   0|   32|          0|
    |mul_0_2_reg_2926                     |  32|   0|   32|          0|
    |mul_0_3_reg_2931                     |  32|   0|   32|          0|
    |mul_0_4_reg_2936                     |  32|   0|   32|          0|
    |mul_1_1_reg_2946                     |  32|   0|   32|          0|
    |mul_1_2_reg_2951                     |  32|   0|   32|          0|
    |mul_1_3_reg_2956                     |  32|   0|   32|          0|
    |mul_1_4_reg_2961                     |  32|   0|   32|          0|
    |mul_1_reg_2941                       |  32|   0|   32|          0|
    |mul_2_1_reg_2971                     |  32|   0|   32|          0|
    |mul_2_2_reg_2976                     |  32|   0|   32|          0|
    |mul_2_3_reg_2981                     |  32|   0|   32|          0|
    |mul_2_4_reg_2986                     |  32|   0|   32|          0|
    |mul_2_reg_2966                       |  32|   0|   32|          0|
    |mul_3_1_reg_2996                     |  32|   0|   32|          0|
    |mul_3_2_reg_3001                     |  32|   0|   32|          0|
    |mul_3_3_reg_3006                     |  32|   0|   32|          0|
    |mul_3_4_reg_3011                     |  32|   0|   32|          0|
    |mul_3_reg_2991                       |  32|   0|   32|          0|
    |mul_4_1_reg_3021                     |  32|   0|   32|          0|
    |mul_4_2_reg_3026                     |  32|   0|   32|          0|
    |mul_4_3_reg_3031                     |  32|   0|   32|          0|
    |mul_4_4_reg_3036                     |  32|   0|   32|          0|
    |mul_4_reg_3016                       |  32|   0|   32|          0|
    |mul_reg_2916                         |  32|   0|   32|          0|
    |out_data_load_reg_2217               |  32|   0|   32|          0|
    |p1_out_data_load_10_reg_2486         |  32|   0|   32|          0|
    |p1_out_data_load_11_reg_2491         |  32|   0|   32|          0|
    |p1_out_data_load_12_reg_2496         |  32|   0|   32|          0|
    |p1_out_data_load_14_reg_2686         |  32|   0|   32|          0|
    |p1_out_data_load_15_reg_2691         |  32|   0|   32|          0|
    |p1_out_data_load_16_reg_2696         |  32|   0|   32|          0|
    |p1_out_data_load_17_reg_2701         |  32|   0|   32|          0|
    |p1_out_data_load_18_reg_2706         |  32|   0|   32|          0|
    |p1_out_data_load_19_reg_2711         |  32|   0|   32|          0|
    |p1_out_data_load_1_reg_2441          |  32|   0|   32|          0|
    |p1_out_data_load_20_reg_2716         |  32|   0|   32|          0|
    |p1_out_data_load_21_reg_2721         |  32|   0|   32|          0|
    |p1_out_data_load_22_reg_2726         |  32|   0|   32|          0|
    |p1_out_data_load_23_reg_2731         |  32|   0|   32|          0|
    |p1_out_data_load_24_reg_2736         |  32|   0|   32|          0|
    |p1_out_data_load_2_reg_2446          |  32|   0|   32|          0|
    |p1_out_data_load_3_reg_2451          |  32|   0|   32|          0|
    |p1_out_data_load_4_reg_2456          |  32|   0|   32|          0|
    |p1_out_data_load_5_reg_2461          |  32|   0|   32|          0|
    |p1_out_data_load_6_reg_2466          |  32|   0|   32|          0|
    |p1_out_data_load_7_reg_2471          |  32|   0|   32|          0|
    |p1_out_data_load_8_reg_2476          |  32|   0|   32|          0|
    |p1_out_data_load_9_reg_2481          |  32|   0|   32|          0|
    |pZ_reg_2207                          |  11|   0|   11|          0|
    |p_shl6_mid1_reg_2192                 |   4|   0|    5|          1|
    |p_shl6_mid1_reg_2192_pp0_iter1_reg   |   4|   0|    5|          1|
    |p_shl6_reg_2136                      |   4|   0|    5|          1|
    |p_shl6_reg_2136_pp0_iter1_reg        |   4|   0|    5|          1|
    |r_fu_154                             |   4|   0|    4|          0|
    |reg_806                              |  32|   0|   32|          0|
    |select_ln110_1_reg_2162              |   3|   0|    3|          0|
    |select_ln110_reg_2154                |   4|   0|    4|          0|
    |select_ln110_reg_2154_pp0_iter1_reg  |   4|   0|    4|          0|
    |select_ln111_6_reg_2197              |   6|   0|    7|          1|
    |select_ln111_reg_2186                |   4|   0|    4|          0|
    |tmp_1_dup_reg_2181                   |   4|   0|    4|          0|
    |tmp_1_dup_reg_2181_pp0_iter1_reg     |   4|   0|    4|          0|
    |zext_ln127_reg_2222                  |  10|   0|   11|          1|
    |icmp_ln110_reg_2141                  |  64|  32|    1|          0|
    |mul_0_1_reg_2921                     |  64|  32|   32|          0|
    |mul_0_2_reg_2926                     |  64|  32|   32|          0|
    |mul_0_3_reg_2931                     |  64|  32|   32|          0|
    |mul_0_4_reg_2936                     |  64|  32|   32|          0|
    |mul_1_1_reg_2946                     |  64|  32|   32|          0|
    |mul_1_2_reg_2951                     |  64|  32|   32|          0|
    |mul_1_3_reg_2956                     |  64|  32|   32|          0|
    |mul_1_4_reg_2961                     |  64|  32|   32|          0|
    |mul_1_reg_2941                       |  64|  32|   32|          0|
    |mul_2_1_reg_2971                     |  64|  32|   32|          0|
    |mul_2_2_reg_2976                     |  64|  32|   32|          0|
    |mul_2_3_reg_2981                     |  64|  32|   32|          0|
    |mul_2_4_reg_2986                     |  64|  32|   32|          0|
    |mul_2_reg_2966                       |  64|  32|   32|          0|
    |mul_3_1_reg_2996                     |  64|  32|   32|          0|
    |mul_3_2_reg_3001                     |  64|  32|   32|          0|
    |mul_3_3_reg_3006                     |  64|  32|   32|          0|
    |mul_3_4_reg_3011                     |  64|  32|   32|          0|
    |mul_3_reg_2991                       |  64|  32|   32|          0|
    |mul_4_1_reg_3021                     |  64|  32|   32|          0|
    |mul_4_2_reg_3026                     |  64|  32|   32|          0|
    |mul_4_3_reg_3031                     |  64|  32|   32|          0|
    |mul_4_4_reg_3036                     |  64|  32|   32|          0|
    |mul_4_reg_3016                       |  64|  32|   32|          0|
    |out_data_load_reg_2217               |  64|  32|   32|          0|
    |pZ_reg_2207                          |  64|  32|   11|          0|
    +-------------------------------------+----+----+-----+-----------+
    |Total                                |5278| 864| 4368|          6|
    +-------------------------------------+----+----+-----+-----------+



================================================================
== Interface
================================================================
* Summary: 
+-----------------------+-----+-----+------------+------------------------------------------------------------------------------------+--------------+
|       RTL Ports       | Dir | Bits|  Protocol  |                                    Source Object                                   |    C Type    |
+-----------------------+-----+-----+------------+------------------------------------------------------------------------------------+--------------+
|ap_clk                 |   in|    1|  ap_ctrl_hs|  Convolution2d<float>.1_Pipeline_VITIS_LOOP_110_4_VITIS_LOOP_111_5_VITIS_LOOP_112_6|  return value|
|ap_rst                 |   in|    1|  ap_ctrl_hs|  Convolution2d<float>.1_Pipeline_VITIS_LOOP_110_4_VITIS_LOOP_111_5_VITIS_LOOP_112_6|  return value|
|ap_start               |   in|    1|  ap_ctrl_hs|  Convolution2d<float>.1_Pipeline_VITIS_LOOP_110_4_VITIS_LOOP_111_5_VITIS_LOOP_112_6|  return value|
|ap_done                |  out|    1|  ap_ctrl_hs|  Convolution2d<float>.1_Pipeline_VITIS_LOOP_110_4_VITIS_LOOP_111_5_VITIS_LOOP_112_6|  return value|
|ap_idle                |  out|    1|  ap_ctrl_hs|  Convolution2d<float>.1_Pipeline_VITIS_LOOP_110_4_VITIS_LOOP_111_5_VITIS_LOOP_112_6|  return value|
|ap_ready               |  out|    1|  ap_ctrl_hs|  Convolution2d<float>.1_Pipeline_VITIS_LOOP_110_4_VITIS_LOOP_111_5_VITIS_LOOP_112_6|  return value|
|grp_fu_179_p_din0      |  out|   32|  ap_ctrl_hs|  Convolution2d<float>.1_Pipeline_VITIS_LOOP_110_4_VITIS_LOOP_111_5_VITIS_LOOP_112_6|  return value|
|grp_fu_179_p_din1      |  out|   32|  ap_ctrl_hs|  Convolution2d<float>.1_Pipeline_VITIS_LOOP_110_4_VITIS_LOOP_111_5_VITIS_LOOP_112_6|  return value|
|grp_fu_179_p_opcode    |  out|    2|  ap_ctrl_hs|  Convolution2d<float>.1_Pipeline_VITIS_LOOP_110_4_VITIS_LOOP_111_5_VITIS_LOOP_112_6|  return value|
|grp_fu_179_p_dout0     |   in|   32|  ap_ctrl_hs|  Convolution2d<float>.1_Pipeline_VITIS_LOOP_110_4_VITIS_LOOP_111_5_VITIS_LOOP_112_6|  return value|
|grp_fu_179_p_ce        |  out|    1|  ap_ctrl_hs|  Convolution2d<float>.1_Pipeline_VITIS_LOOP_110_4_VITIS_LOOP_111_5_VITIS_LOOP_112_6|  return value|
|grp_fu_183_p_din0      |  out|   32|  ap_ctrl_hs|  Convolution2d<float>.1_Pipeline_VITIS_LOOP_110_4_VITIS_LOOP_111_5_VITIS_LOOP_112_6|  return value|
|grp_fu_183_p_din1      |  out|   32|  ap_ctrl_hs|  Convolution2d<float>.1_Pipeline_VITIS_LOOP_110_4_VITIS_LOOP_111_5_VITIS_LOOP_112_6|  return value|
|grp_fu_183_p_opcode    |  out|    2|  ap_ctrl_hs|  Convolution2d<float>.1_Pipeline_VITIS_LOOP_110_4_VITIS_LOOP_111_5_VITIS_LOOP_112_6|  return value|
|grp_fu_183_p_dout0     |   in|   32|  ap_ctrl_hs|  Convolution2d<float>.1_Pipeline_VITIS_LOOP_110_4_VITIS_LOOP_111_5_VITIS_LOOP_112_6|  return value|
|grp_fu_183_p_ce        |  out|    1|  ap_ctrl_hs|  Convolution2d<float>.1_Pipeline_VITIS_LOOP_110_4_VITIS_LOOP_111_5_VITIS_LOOP_112_6|  return value|
|grp_fu_187_p_din0      |  out|   32|  ap_ctrl_hs|  Convolution2d<float>.1_Pipeline_VITIS_LOOP_110_4_VITIS_LOOP_111_5_VITIS_LOOP_112_6|  return value|
|grp_fu_187_p_din1      |  out|   32|  ap_ctrl_hs|  Convolution2d<float>.1_Pipeline_VITIS_LOOP_110_4_VITIS_LOOP_111_5_VITIS_LOOP_112_6|  return value|
|grp_fu_187_p_dout0     |   in|   32|  ap_ctrl_hs|  Convolution2d<float>.1_Pipeline_VITIS_LOOP_110_4_VITIS_LOOP_111_5_VITIS_LOOP_112_6|  return value|
|grp_fu_187_p_ce        |  out|    1|  ap_ctrl_hs|  Convolution2d<float>.1_Pipeline_VITIS_LOOP_110_4_VITIS_LOOP_111_5_VITIS_LOOP_112_6|  return value|
|phi_mul                |   in|   12|     ap_none|                                                                             phi_mul|        scalar|
|p1_out_data_address0   |  out|   11|   ap_memory|                                                                         p1_out_data|         array|
|p1_out_data_ce0        |  out|    1|   ap_memory|                                                                         p1_out_data|         array|
|p1_out_data_q0         |   in|   32|   ap_memory|                                                                         p1_out_data|         array|
|p1_out_data_address1   |  out|   11|   ap_memory|                                                                         p1_out_data|         array|
|p1_out_data_ce1        |  out|    1|   ap_memory|                                                                         p1_out_data|         array|
|p1_out_data_q1         |   in|   32|   ap_memory|                                                                         p1_out_data|         array|
|p1_out_data_address2   |  out|   11|   ap_memory|                                                                         p1_out_data|         array|
|p1_out_data_ce2        |  out|    1|   ap_memory|                                                                         p1_out_data|         array|
|p1_out_data_q2         |   in|   32|   ap_memory|                                                                         p1_out_data|         array|
|p1_out_data_address3   |  out|   11|   ap_memory|                                                                         p1_out_data|         array|
|p1_out_data_ce3        |  out|    1|   ap_memory|                                                                         p1_out_data|         array|
|p1_out_data_q3         |   in|   32|   ap_memory|                                                                         p1_out_data|         array|
|p1_out_data_address4   |  out|   11|   ap_memory|                                                                         p1_out_data|         array|
|p1_out_data_ce4        |  out|    1|   ap_memory|                                                                         p1_out_data|         array|
|p1_out_data_q4         |   in|   32|   ap_memory|                                                                         p1_out_data|         array|
|p1_out_data_address5   |  out|   11|   ap_memory|                                                                         p1_out_data|         array|
|p1_out_data_ce5        |  out|    1|   ap_memory|                                                                         p1_out_data|         array|
|p1_out_data_q5         |   in|   32|   ap_memory|                                                                         p1_out_data|         array|
|p1_out_data_address6   |  out|   11|   ap_memory|                                                                         p1_out_data|         array|
|p1_out_data_ce6        |  out|    1|   ap_memory|                                                                         p1_out_data|         array|
|p1_out_data_q6         |   in|   32|   ap_memory|                                                                         p1_out_data|         array|
|p1_out_data_address7   |  out|   11|   ap_memory|                                                                         p1_out_data|         array|
|p1_out_data_ce7        |  out|    1|   ap_memory|                                                                         p1_out_data|         array|
|p1_out_data_q7         |   in|   32|   ap_memory|                                                                         p1_out_data|         array|
|p1_out_data_address8   |  out|   11|   ap_memory|                                                                         p1_out_data|         array|
|p1_out_data_ce8        |  out|    1|   ap_memory|                                                                         p1_out_data|         array|
|p1_out_data_q8         |   in|   32|   ap_memory|                                                                         p1_out_data|         array|
|p1_out_data_address9   |  out|   11|   ap_memory|                                                                         p1_out_data|         array|
|p1_out_data_ce9        |  out|    1|   ap_memory|                                                                         p1_out_data|         array|
|p1_out_data_q9         |   in|   32|   ap_memory|                                                                         p1_out_data|         array|
|p1_out_data_address10  |  out|   11|   ap_memory|                                                                         p1_out_data|         array|
|p1_out_data_ce10       |  out|    1|   ap_memory|                                                                         p1_out_data|         array|
|p1_out_data_q10        |   in|   32|   ap_memory|                                                                         p1_out_data|         array|
|p1_out_data_address11  |  out|   11|   ap_memory|                                                                         p1_out_data|         array|
|p1_out_data_ce11       |  out|    1|   ap_memory|                                                                         p1_out_data|         array|
|p1_out_data_q11        |   in|   32|   ap_memory|                                                                         p1_out_data|         array|
|p1_out_data_address12  |  out|   11|   ap_memory|                                                                         p1_out_data|         array|
|p1_out_data_ce12       |  out|    1|   ap_memory|                                                                         p1_out_data|         array|
|p1_out_data_q12        |   in|   32|   ap_memory|                                                                         p1_out_data|         array|
|mul_ln96               |   in|   11|     ap_none|                                                                            mul_ln96|        scalar|
|out_data_address0      |  out|   11|   ap_memory|                                                                            out_data|         array|
|out_data_ce0           |  out|    1|   ap_memory|                                                                            out_data|         array|
|out_data_we0           |  out|    1|   ap_memory|                                                                            out_data|         array|
|out_data_d0            |  out|   32|   ap_memory|                                                                            out_data|         array|
|out_data_q0            |   in|   32|   ap_memory|                                                                            out_data|         array|
+-----------------------+-----+-----+------------+------------------------------------------------------------------------------------+--------------+

